Python: /global/home/users/kevingeng/.conda/envs/adsb/bin/python
torch 2.14.1+cu130 | netCDF4 1.7.4
CUDA available: True
Device: NVIDIA GeForce RTX 2080 Ti
Training on cuda — CFM + SWI_DiT distillation (swi_dit_6L_teacher → swi_dit_5L_student, alpha=0.5, seed=42)
Batches per epoch: 4,475 train, 499 val (batch_size=256, num_workers=2)
Teacher: /global/scratch/users/kevingeng/aviation-bayen/AviationDiffusionModelsKishore/training/checkpoints/swi_dit/best_swi_dit.pt (epoch=84, ckpt val_fde=824.5062353116024) | {'obs_len': 43, 'fut_len': 43, 'in_dim': 6, 'd_model': 256, 'n_heads': 8, 'n_layers': 6, 'dropout': 0.1} | 7,249,158 params
Student: {'obs_len': 43, 'fut_len': 43, 'in_dim': 6, 'd_model': 256, 'n_heads': 8, 'n_layers': 5, 'dropout': 0.1} | 6,132,998 params
Teacher val minFDE (this split): 820.8m
  epoch 001 | batch 500/4,475 (11.2%) | loss 0.9938 (gt 1.0365, kd 0.9511) | 6.5 it/s | elapsed 1.3 min | epoch ETA 10.1 min
  epoch 001 | batch 1,000/4,475 (22.3%) | loss 0.6112 (gt 0.6537, kd 0.5687) | 6.5 it/s | elapsed 2.5 min | epoch ETA 8.9 min
  epoch 001 | batch 1,500/4,475 (33.5%) | loss 0.4658 (gt 0.5083, kd 0.4234) | 6.5 it/s | elapsed 3.8 min | epoch ETA 7.6 min
  epoch 001 | batch 2,000/4,475 (44.7%) | loss 0.3866 (gt 0.4290, kd 0.3441) | 6.5 it/s | elapsed 5.1 min | epoch ETA 6.3 min
  epoch 001 | batch 2,500/4,475 (55.9%) | loss 0.3357 (gt 0.3781, kd 0.2933) | 6.5 it/s | elapsed 6.4 min | epoch ETA 5.0 min
  epoch 001 | batch 3,000/4,475 (67.0%) | loss 0.3000 (gt 0.3424, kd 0.2576) | 6.5 it/s | elapsed 7.6 min | epoch ETA 3.8 min
  epoch 001 | batch 3,500/4,475 (78.2%) | loss 0.2733 (gt 0.3156, kd 0.2309) | 6.5 it/s | elapsed 8.9 min | epoch ETA 2.5 min
  epoch 001 | batch 4,000/4,475 (89.4%) | loss 0.2526 (gt 0.2949, kd 0.2102) | 6.5 it/s | elapsed 10.2 min | epoch ETA 1.2 min
Epoch 001 | train 0.236745 (gt 0.279095, kd 0.194395) | val 1.752879 (gt 1.793396, kd 1.712361) | KL end 8.1478 path 10.7818 | rough FDE 27068.7m
  epoch 002 | batch 500/4,475 (11.2%) | loss 0.0984 (gt 0.1408, kd 0.0560) | 6.5 it/s | elapsed 1.3 min | epoch ETA 10.1 min
  epoch 002 | batch 1,000/4,475 (22.3%) | loss 0.0968 (gt 0.1391, kd 0.0545) | 6.5 it/s | elapsed 2.6 min | epoch ETA 8.9 min
  epoch 002 | batch 1,500/4,475 (33.5%) | loss 0.0956 (gt 0.1379, kd 0.0532) | 6.5 it/s | elapsed 3.8 min | epoch ETA 7.6 min
  epoch 002 | batch 2,000/4,475 (44.7%) | loss 0.0941 (gt 0.1365, kd 0.0518) | 6.5 it/s | elapsed 5.1 min | epoch ETA 6.3 min
  epoch 002 | batch 2,500/4,475 (55.9%) | loss 0.0928 (gt 0.1351, kd 0.0505) | 6.5 it/s | elapsed 6.4 min | epoch ETA 5.0 min
  epoch 002 | batch 3,000/4,475 (67.0%) | loss 0.0917 (gt 0.1340, kd 0.0494) | 6.5 it/s | elapsed 7.6 min | epoch ETA 3.8 min
  epoch 002 | batch 3,500/4,475 (78.2%) | loss 0.0906 (gt 0.1329, kd 0.0483) | 6.5 it/s | elapsed 8.9 min | epoch ETA 2.5 min
  epoch 002 | batch 4,000/4,475 (89.4%) | loss 0.0897 (gt 0.1320, kd 0.0474) | 6.5 it/s | elapsed 10.2 min | epoch ETA 1.2 min
Epoch 002 | train 0.088918 (gt 0.131214, kd 0.046623) | val 0.986243 (gt 1.026785, kd 0.945702) | KL end 6.3836 path 9.2531 | rough FDE 11979.7m
  epoch 003 | batch 500/4,475 (11.2%) | loss 0.0806 (gt 0.1229, kd 0.0383) | 6.5 it/s | elapsed 1.3 min | epoch ETA 10.2 min
  epoch 003 | batch 1,000/4,475 (22.3%) | loss 0.0805 (gt 0.1228, kd 0.0382) | 6.5 it/s | elapsed 2.6 min | epoch ETA 8.9 min
  epoch 003 | batch 1,500/4,475 (33.5%) | loss 0.0799 (gt 0.1221, kd 0.0377) | 6.5 it/s | elapsed 3.8 min | epoch ETA 7.6 min
  epoch 003 | batch 2,000/4,475 (44.7%) | loss 0.0794 (gt 0.1216, kd 0.0371) | 6.5 it/s | elapsed 5.1 min | epoch ETA 6.3 min
  epoch 003 | batch 2,500/4,475 (55.9%) | loss 0.0790 (gt 0.1212, kd 0.0368) | 6.5 it/s | elapsed 6.4 min | epoch ETA 5.0 min
  epoch 003 | batch 3,000/4,475 (67.0%) | loss 0.0786 (gt 0.1209, kd 0.0364) | 6.5 it/s | elapsed 7.7 min | epoch ETA 3.8 min
  epoch 003 | batch 3,500/4,475 (78.2%) | loss 0.0783 (gt 0.1205, kd 0.0360) | 6.5 it/s | elapsed 8.9 min | epoch ETA 2.5 min
  epoch 003 | batch 4,000/4,475 (89.4%) | loss 0.0779 (gt 0.1202, kd 0.0357) | 6.5 it/s | elapsed 10.2 min | epoch ETA 1.2 min
Epoch 003 | train 0.077589 (gt 0.119840, kd 0.035338) | val 0.596582 (gt 0.637172, kd 0.555991) | KL end 4.8212 path 7.6599 | rough FDE 5668.7m
  epoch 004 | batch 500/4,475 (11.2%) | loss 0.0741 (gt 0.1163, kd 0.0319) | 6.5 it/s | elapsed 1.3 min | epoch ETA 10.2 min
  epoch 004 | batch 1,000/4,475 (22.3%) | loss 0.0739 (gt 0.1162, kd 0.0316) | 6.5 it/s | elapsed 2.5 min | epoch ETA 8.9 min
  epoch 004 | batch 1,500/4,475 (33.5%) | loss 0.0738 (gt 0.1162, kd 0.0315) | 6.5 it/s | elapsed 3.8 min | epoch ETA 7.6 min
  epoch 004 | batch 2,000/4,475 (44.7%) | loss 0.0735 (gt 0.1158, kd 0.0312) | 6.5 it/s | elapsed 5.1 min | epoch ETA 6.3 min
  epoch 004 | batch 2,500/4,475 (55.9%) | loss 0.0733 (gt 0.1156, kd 0.0310) | 6.5 it/s | elapsed 6.4 min | epoch ETA 5.0 min
  epoch 004 | batch 3,000/4,475 (67.0%) | loss 0.0731 (gt 0.1154, kd 0.0308) | 6.6 it/s | elapsed 7.6 min | epoch ETA 3.8 min
  epoch 004 | batch 3,500/4,475 (78.2%) | loss 0.0729 (gt 0.1152, kd 0.0306) | 6.6 it/s | elapsed 8.9 min | epoch ETA 2.5 min
  epoch 004 | batch 4,000/4,475 (89.4%) | loss 0.0727 (gt 0.1150, kd 0.0304) | 6.6 it/s | elapsed 10.2 min | epoch ETA 1.2 min
Epoch 004 | train 0.072446 (gt 0.114720, kd 0.030172) | val 0.328088 (gt 0.368346, kd 0.287831) | KL end 3.8074 path 6.3440 | rough FDE 3464.8m
  epoch 005 | batch 500/4,475 (11.2%) | loss 0.0704 (gt 0.1127, kd 0.0281) | 6.5 it/s | elapsed 1.3 min | epoch ETA 10.1 min
  epoch 005 | batch 1,000/4,475 (22.3%) | loss 0.0702 (gt 0.1124, kd 0.0279) | 6.5 it/s | elapsed 2.5 min | epoch ETA 8.9 min
  epoch 005 | batch 1,500/4,475 (33.5%) | loss 0.0702 (gt 0.1124, kd 0.0279) | 6.5 it/s | elapsed 3.8 min | epoch ETA 7.6 min
  epoch 005 | batch 2,000/4,475 (44.7%) | loss 0.0699 (gt 0.1121, kd 0.0276) | 6.5 it/s | elapsed 5.1 min | epoch ETA 6.3 min
  epoch 005 | batch 2,500/4,475 (55.9%) | loss 0.0698 (gt 0.1120, kd 0.0275) | 6.5 it/s | elapsed 6.4 min | epoch ETA 5.0 min
  epoch 005 | batch 3,000/4,475 (67.0%) | loss 0.0696 (gt 0.1118, kd 0.0274) | 6.5 it/s | elapsed 7.6 min | epoch ETA 3.8 min
  epoch 005 | batch 3,500/4,475 (78.2%) | loss 0.0694 (gt 0.1116, kd 0.0272) | 6.5 it/s | elapsed 8.9 min | epoch ETA 2.5 min
  epoch 005 | batch 4,000/4,475 (89.4%) | loss 0.0693 (gt 0.1115, kd 0.0270) | 6.5 it/s | elapsed 10.2 min | epoch ETA 1.2 min
Epoch 005 | train 0.069221 (gt 0.111469, kd 0.026973) | val 0.186933 (gt 0.226929, kd 0.146937) | KL end 3.1006 path 5.3293 | rough FDE 2411.8m | proper FDE 2592.9m (teacher 820.8m)  ✓ best
  epoch 006 | batch 500/4,475 (11.2%) | loss 0.0682 (gt 0.1105, kd 0.0259) | 6.5 it/s | elapsed 1.3 min | epoch ETA 10.2 min
  epoch 006 | batch 1,000/4,475 (22.3%) | loss 0.0677 (gt 0.1099, kd 0.0255) | 6.5 it/s | elapsed 2.5 min | epoch ETA 8.9 min
  epoch 006 | batch 1,500/4,475 (33.5%) | loss 0.0675 (gt 0.1097, kd 0.0254) | 6.5 it/s | elapsed 3.8 min | epoch ETA 7.6 min
  epoch 006 | batch 2,000/4,475 (44.7%) | loss 0.0674 (gt 0.1096, kd 0.0252) | 6.5 it/s | elapsed 5.1 min | epoch ETA 6.3 min
  epoch 006 | batch 2,500/4,475 (55.9%) | loss 0.0673 (gt 0.1095, kd 0.0251) | 6.5 it/s | elapsed 6.4 min | epoch ETA 5.0 min
  epoch 006 | batch 3,000/4,475 (67.0%) | loss 0.0672 (gt 0.1094, kd 0.0250) | 6.5 it/s | elapsed 7.6 min | epoch ETA 3.8 min
  epoch 006 | batch 3,500/4,475 (78.2%) | loss 0.0670 (gt 0.1092, kd 0.0249) | 6.5 it/s | elapsed 8.9 min | epoch ETA 2.5 min
  epoch 006 | batch 4,000/4,475 (89.4%) | loss 0.0670 (gt 0.1092, kd 0.0248) | 6.5 it/s | elapsed 10.2 min | epoch ETA 1.2 min
Epoch 006 | train 0.066937 (gt 0.109144, kd 0.024730) | val 0.118821 (gt 0.158686, kd 0.078955) | KL end 2.5923 path 4.5347 | rough FDE 1848.3m
  epoch 007 | batch 500/4,475 (11.2%) | loss 0.0658 (gt 0.1080, kd 0.0235) | 6.5 it/s | elapsed 1.3 min | epoch ETA 10.2 min
  epoch 007 | batch 1,000/4,475 (22.3%) | loss 0.0656 (gt 0.1077, kd 0.0235) | 6.5 it/s | elapsed 2.6 min | epoch ETA 8.9 min
  epoch 007 | batch 1,500/4,475 (33.5%) | loss 0.0655 (gt 0.1077, kd 0.0234) | 6.5 it/s | elapsed 3.8 min | epoch ETA 7.6 min
  epoch 007 | batch 2,000/4,475 (44.7%) | loss 0.0654 (gt 0.1076, kd 0.0233) | 6.5 it/s | elapsed 5.1 min | epoch ETA 6.3 min
  epoch 007 | batch 2,500/4,475 (55.9%) | loss 0.0654 (gt 0.1076, kd 0.0232) | 6.5 it/s | elapsed 6.4 min | epoch ETA 5.0 min
  epoch 007 | batch 3,000/4,475 (67.0%) | loss 0.0653 (gt 0.1076, kd 0.0231) | 6.5 it/s | elapsed 7.7 min | epoch ETA 3.8 min
  epoch 007 | batch 3,500/4,475 (78.2%) | loss 0.0652 (gt 0.1074, kd 0.0230) | 6.5 it/s | elapsed 8.9 min | epoch ETA 2.5 min
  epoch 007 | batch 4,000/4,475 (89.4%) | loss 0.0651 (gt 0.1073, kd 0.0229) | 6.5 it/s | elapsed 10.2 min | epoch ETA 1.2 min
Epoch 007 | train 0.065024 (gt 0.107240, kd 0.022808) | val 0.086071 (gt 0.125847, kd 0.046296) | KL end 2.2025 path 3.8776 | rough FDE 1524.7m
  epoch 008 | batch 500/4,475 (11.2%) | loss 0.0638 (gt 0.1058, kd 0.0218) | 6.5 it/s | elapsed 1.3 min | epoch ETA 10.2 min
  epoch 008 | batch 1,000/4,475 (22.3%) | loss 0.0638 (gt 0.1058, kd 0.0217) | 6.5 it/s | elapsed 2.6 min | epoch ETA 8.9 min
  epoch 008 | batch 1,500/4,475 (33.5%) | loss 0.0638 (gt 0.1059, kd 0.0217) | 6.5 it/s | elapsed 3.8 min | epoch ETA 7.6 min
  epoch 008 | batch 2,000/4,475 (44.7%) | loss 0.0638 (gt 0.1060, kd 0.0216) | 6.5 it/s | elapsed 5.1 min | epoch ETA 6.3 min
  epoch 008 | batch 2,500/4,475 (55.9%) | loss 0.0638 (gt 0.1060, kd 0.0215) | 6.5 it/s | elapsed 6.4 min | epoch ETA 5.0 min
  epoch 008 | batch 3,000/4,475 (67.0%) | loss 0.0637 (gt 0.1059, kd 0.0215) | 6.5 it/s | elapsed 7.6 min | epoch ETA 3.8 min
  epoch 008 | batch 3,500/4,475 (78.2%) | loss 0.0636 (gt 0.1058, kd 0.0214) | 6.5 it/s | elapsed 8.9 min | epoch ETA 2.5 min
  epoch 008 | batch 4,000/4,475 (89.4%) | loss 0.0636 (gt 0.1058, kd 0.0214) | 6.5 it/s | elapsed 10.2 min | epoch ETA 1.2 min
Epoch 008 | train 0.063506 (gt 0.105734, kd 0.021279) | val 0.070415 (gt 0.110106, kd 0.030724) | KL end 1.9161 path 3.3495 | rough FDE 1350.0m
  epoch 009 | batch 500/4,475 (11.2%) | loss 0.0628 (gt 0.1052, kd 0.0204) | 6.5 it/s | elapsed 1.3 min | epoch ETA 10.2 min
  epoch 009 | batch 1,000/4,475 (22.3%) | loss 0.0627 (gt 0.1049, kd 0.0204) | 6.5 it/s | elapsed 2.6 min | epoch ETA 8.9 min
  epoch 009 | batch 1,500/4,475 (33.5%) | loss 0.0627 (gt 0.1049, kd 0.0204) | 6.5 it/s | elapsed 3.8 min | epoch ETA 7.6 min
  epoch 009 | batch 2,000/4,475 (44.7%) | loss 0.0626 (gt 0.1049, kd 0.0203) | 6.5 it/s | elapsed 5.1 min | epoch ETA 6.3 min
  epoch 009 | batch 2,500/4,475 (55.9%) | loss 0.0625 (gt 0.1047, kd 0.0202) | 6.5 it/s | elapsed 6.4 min | epoch ETA 5.0 min
  epoch 009 | batch 3,000/4,475 (67.0%) | loss 0.0624 (gt 0.1046, kd 0.0202) | 6.5 it/s | elapsed 7.6 min | epoch ETA 3.8 min
  epoch 009 | batch 3,500/4,475 (78.2%) | loss 0.0623 (gt 0.1046, kd 0.0201) | 6.5 it/s | elapsed 8.9 min | epoch ETA 2.5 min
  epoch 009 | batch 4,000/4,475 (89.4%) | loss 0.0623 (gt 0.1045, kd 0.0201) | 6.5 it/s | elapsed 10.2 min | epoch ETA 1.2 min
Epoch 009 | train 0.062192 (gt 0.104404, kd 0.019980) | val 0.062659 (gt 0.102293, kd 0.023026) | KL end 1.7220 path 2.9341 | rough FDE 1253.8m
  epoch 010 | batch 500/4,475 (11.2%) | loss 0.0616 (gt 0.1039, kd 0.0192) | 6.5 it/s | elapsed 1.3 min | epoch ETA 10.1 min
  epoch 010 | batch 1,000/4,475 (22.3%) | loss 0.0614 (gt 0.1036, kd 0.0192) | 6.5 it/s | elapsed 2.5 min | epoch ETA 8.9 min
  epoch 010 | batch 1,500/4,475 (33.5%) | loss 0.0614 (gt 0.1037, kd 0.0192) | 6.5 it/s | elapsed 3.8 min | epoch ETA 7.6 min
  epoch 010 | batch 2,000/4,475 (44.7%) | loss 0.0614 (gt 0.1036, kd 0.0191) | 6.5 it/s | elapsed 5.1 min | epoch ETA 6.3 min
  epoch 010 | batch 2,500/4,475 (55.9%) | loss 0.0613 (gt 0.1036, kd 0.0191) | 6.5 it/s | elapsed 6.4 min | epoch ETA 5.0 min
  epoch 010 | batch 3,000/4,475 (67.0%) | loss 0.0613 (gt 0.1035, kd 0.0190) | 6.5 it/s | elapsed 7.6 min | epoch ETA 3.8 min
  epoch 010 | batch 3,500/4,475 (78.2%) | loss 0.0613 (gt 0.1035, kd 0.0190) | 6.5 it/s | elapsed 8.9 min | epoch ETA 2.5 min
  epoch 010 | batch 4,000/4,475 (89.4%) | loss 0.0612 (gt 0.1035, kd 0.0190) | 6.5 it/s | elapsed 10.2 min | epoch ETA 1.2 min
Epoch 010 | train 0.061126 (gt 0.103337, kd 0.018915) | val 0.058538 (gt 0.098141, kd 0.018934) | KL end 1.5870 path 2.6248 | rough FDE 1208.6m | proper FDE 1308.1m (teacher 820.8m)  ✓ best
  epoch 011 | batch 500/4,475 (11.2%) | loss 0.0604 (gt 0.1026, kd 0.0183) | 6.5 it/s | elapsed 1.3 min | epoch ETA 10.2 min
  epoch 011 | batch 1,000/4,475 (22.3%) | loss 0.0605 (gt 0.1027, kd 0.0183) | 6.5 it/s | elapsed 2.6 min | epoch ETA 8.9 min
  epoch 011 | batch 1,500/4,475 (33.5%) | loss 0.0605 (gt 0.1027, kd 0.0182) | 6.5 it/s | elapsed 3.8 min | epoch ETA 7.6 min
  epoch 011 | batch 2,000/4,475 (44.7%) | loss 0.0604 (gt 0.1026, kd 0.0182) | 6.5 it/s | elapsed 5.1 min | epoch ETA 6.3 min
  epoch 011 | batch 2,500/4,475 (55.9%) | loss 0.0603 (gt 0.1025, kd 0.0181) | 6.5 it/s | elapsed 6.4 min | epoch ETA 5.0 min
  epoch 011 | batch 3,000/4,475 (67.0%) | loss 0.0603 (gt 0.1025, kd 0.0181) | 6.5 it/s | elapsed 7.7 min | epoch ETA 3.8 min
  epoch 011 | batch 3,500/4,475 (78.2%) | loss 0.0602 (gt 0.1024, kd 0.0180) | 6.5 it/s | elapsed 8.9 min | epoch ETA 2.5 min
  epoch 011 | batch 4,000/4,475 (89.4%) | loss 0.0601 (gt 0.1023, kd 0.0179) | 6.5 it/s | elapsed 10.2 min | epoch ETA 1.2 min
Epoch 011 | train 0.060092 (gt 0.102277, kd 0.017907) | val 0.056137 (gt 0.095732, kd 0.016543) | KL end 1.4959 path 2.4043 | rough FDE 1174.6m
  epoch 012 | batch 500/4,475 (11.2%) | loss 0.0597 (gt 0.1020, kd 0.0175) | 6.5 it/s | elapsed 1.3 min | epoch ETA 10.2 min
  epoch 012 | batch 1,000/4,475 (22.3%) | loss 0.0596 (gt 0.1018, kd 0.0174) | 6.5 it/s | elapsed 2.6 min | epoch ETA 8.9 min
  epoch 012 | batch 1,500/4,475 (33.5%) | loss 0.0596 (gt 0.1018, kd 0.0173) | 6.5 it/s | elapsed 3.8 min | epoch ETA 7.6 min
  epoch 012 | batch 2,000/4,475 (44.7%) | loss 0.0594 (gt 0.1016, kd 0.0173) | 6.5 it/s | elapsed 5.1 min | epoch ETA 6.3 min
  epoch 012 | batch 2,500/4,475 (55.9%) | loss 0.0594 (gt 0.1016, kd 0.0172) | 6.5 it/s | elapsed 6.4 min | epoch ETA 5.0 min
  epoch 012 | batch 3,000/4,475 (67.0%) | loss 0.0594 (gt 0.1016, kd 0.0172) | 6.5 it/s | elapsed 7.6 min | epoch ETA 3.8 min
  epoch 012 | batch 3,500/4,475 (78.2%) | loss 0.0593 (gt 0.1015, kd 0.0171) | 6.5 it/s | elapsed 8.9 min | epoch ETA 2.5 min
  epoch 012 | batch 4,000/4,475 (89.4%) | loss 0.0593 (gt 0.1014, kd 0.0171) | 6.5 it/s | elapsed 10.2 min | epoch ETA 1.2 min
Epoch 012 | train 0.059253 (gt 0.101444, kd 0.017061) | val 0.054468 (gt 0.094063, kd 0.014873) | KL end 1.4240 path 2.2268 | rough FDE 1142.6m
  epoch 013 | batch 500/4,475 (11.2%) | loss 0.0587 (gt 0.1009, kd 0.0165) | 6.5 it/s | elapsed 1.3 min | epoch ETA 10.2 min
  epoch 013 | batch 1,000/4,475 (22.3%) | loss 0.0587 (gt 0.1010, kd 0.0165) | 6.5 it/s | elapsed 2.6 min | epoch ETA 8.9 min
  epoch 013 | batch 1,500/4,475 (33.5%) | loss 0.0587 (gt 0.1009, kd 0.0165) | 6.5 it/s | elapsed 3.8 min | epoch ETA 7.6 min
  epoch 013 | batch 2,000/4,475 (44.7%) | loss 0.0587 (gt 0.1009, kd 0.0165) | 6.5 it/s | elapsed 5.1 min | epoch ETA 6.3 min
  epoch 013 | batch 2,500/4,475 (55.9%) | loss 0.0586 (gt 0.1008, kd 0.0164) | 6.5 it/s | elapsed 6.4 min | epoch ETA 5.0 min
  epoch 013 | batch 3,000/4,475 (67.0%) | loss 0.0586 (gt 0.1007, kd 0.0164) | 6.5 it/s | elapsed 7.6 min | epoch ETA 3.8 min
  epoch 013 | batch 3,500/4,475 (78.2%) | loss 0.0585 (gt 0.1007, kd 0.0164) | 6.5 it/s | elapsed 8.9 min | epoch ETA 2.5 min
  epoch 013 | batch 4,000/4,475 (89.4%) | loss 0.0585 (gt 0.1008, kd 0.0163) | 6.5 it/s | elapsed 10.2 min | epoch ETA 1.2 min
Epoch 013 | train 0.058515 (gt 0.100737, kd 0.016294) | val 0.053185 (gt 0.092794, kd 0.013577) | KL end 1.3616 path 2.0685 | rough FDE 1119.5m
  epoch 014 | batch 500/4,475 (11.2%) | loss 0.0580 (gt 0.1001, kd 0.0159) | 6.5 it/s | elapsed 1.3 min | epoch ETA 10.1 min
  epoch 014 | batch 1,000/4,475 (22.3%) | loss 0.0579 (gt 0.1000, kd 0.0158) | 6.5 it/s | elapsed 2.5 min | epoch ETA 8.9 min
  epoch 014 | batch 1,500/4,475 (33.5%) | loss 0.0579 (gt 0.1000, kd 0.0158) | 6.5 it/s | elapsed 3.8 min | epoch ETA 7.6 min
  epoch 014 | batch 2,000/4,475 (44.7%) | loss 0.0578 (gt 0.0999, kd 0.0158) | 6.5 it/s | elapsed 5.1 min | epoch ETA 6.3 min
  epoch 014 | batch 2,500/4,475 (55.9%) | loss 0.0579 (gt 0.1000, kd 0.0157) | 6.5 it/s | elapsed 6.4 min | epoch ETA 5.0 min
  epoch 014 | batch 3,000/4,475 (67.0%) | loss 0.0578 (gt 0.1000, kd 0.0157) | 6.5 it/s | elapsed 7.6 min | epoch ETA 3.8 min
  epoch 014 | batch 3,500/4,475 (78.2%) | loss 0.0578 (gt 0.1000, kd 0.0157) | 6.5 it/s | elapsed 8.9 min | epoch ETA 2.5 min
  epoch 014 | batch 4,000/4,475 (89.4%) | loss 0.0578 (gt 0.1000, kd 0.0157) | 6.5 it/s | elapsed 10.2 min | epoch ETA 1.2 min
Epoch 014 | train 0.057821 (gt 0.099980, kd 0.015661) | val 0.052157 (gt 0.091776, kd 0.012537) | KL end 1.2968 path 1.9289 | rough FDE 1099.3m
  epoch 015 | batch 500/4,475 (11.2%) | loss 0.0575 (gt 0.0998, kd 0.0153) | 6.5 it/s | elapsed 1.3 min | epoch ETA 10.2 min
  epoch 015 | batch 1,000/4,475 (22.3%) | loss 0.0573 (gt 0.0995, kd 0.0151) | 6.5 it/s | elapsed 2.6 min | epoch ETA 8.9 min
  epoch 015 | batch 1,500/4,475 (33.5%) | loss 0.0572 (gt 0.0994, kd 0.0151) | 6.5 it/s | elapsed 3.8 min | epoch ETA 7.6 min
  epoch 015 | batch 2,000/4,475 (44.7%) | loss 0.0573 (gt 0.0994, kd 0.0151) | 6.5 it/s | elapsed 5.1 min | epoch ETA 6.3 min
  epoch 015 | batch 2,500/4,475 (55.9%) | loss 0.0573 (gt 0.0994, kd 0.0151) | 6.5 it/s | elapsed 6.4 min | epoch ETA 5.0 min
  epoch 015 | batch 3,000/4,475 (67.0%) | loss 0.0573 (gt 0.0995, kd 0.0151) | 6.5 it/s | elapsed 7.6 min | epoch ETA 3.8 min
  epoch 015 | batch 3,500/4,475 (78.2%) | loss 0.0572 (gt 0.0994, kd 0.0151) | 6.5 it/s | elapsed 8.9 min | epoch ETA 2.5 min
  epoch 015 | batch 4,000/4,475 (89.4%) | loss 0.0572 (gt 0.0994, kd 0.0150) | 6.5 it/s | elapsed 10.2 min | epoch ETA 1.2 min
Epoch 015 | train 0.057186 (gt 0.099363, kd 0.015009) | val 0.051290 (gt 0.090914, kd 0.011665) | KL end 1.2330 path 1.8039 | rough FDE 1087.0m | proper FDE 1131.5m (teacher 820.8m)  ✓ best
  epoch 016 | batch 500/4,475 (11.2%) | loss 0.0570 (gt 0.0993, kd 0.0148) | 6.5 it/s | elapsed 1.3 min | epoch ETA 10.2 min
  epoch 016 | batch 1,000/4,475 (22.3%) | loss 0.0568 (gt 0.0989, kd 0.0147) | 6.5 it/s | elapsed 2.6 min | epoch ETA 8.9 min
  epoch 016 | batch 1,500/4,475 (33.5%) | loss 0.0568 (gt 0.0989, kd 0.0147) | 6.5 it/s | elapsed 3.8 min | epoch ETA 7.6 min
  epoch 016 | batch 2,000/4,475 (44.7%) | loss 0.0568 (gt 0.0989, kd 0.0147) | 6.5 it/s | elapsed 5.1 min | epoch ETA 6.3 min
  epoch 016 | batch 2,500/4,475 (55.9%) | loss 0.0567 (gt 0.0989, kd 0.0146) | 6.5 it/s | elapsed 6.4 min | epoch ETA 5.0 min
  epoch 016 | batch 3,000/4,475 (67.0%) | loss 0.0567 (gt 0.0989, kd 0.0146) | 6.5 it/s | elapsed 7.6 min | epoch ETA 3.8 min
  epoch 016 | batch 3,500/4,475 (78.2%) | loss 0.0567 (gt 0.0989, kd 0.0145) | 6.5 it/s | elapsed 8.9 min | epoch ETA 2.5 min
  epoch 016 | batch 4,000/4,475 (89.4%) | loss 0.0567 (gt 0.0989, kd 0.0145) | 6.5 it/s | elapsed 10.2 min | epoch ETA 1.2 min
Epoch 016 | train 0.056654 (gt 0.098821, kd 0.014488) | val 0.050607 (gt 0.090243, kd 0.010971) | KL end 1.1701 path 1.6956 | rough FDE 1075.3m
  epoch 017 | batch 500/4,475 (11.2%) | loss 0.0563 (gt 0.0985, kd 0.0141) | 6.5 it/s | elapsed 1.3 min | epoch ETA 10.2 min
  epoch 017 | batch 1,000/4,475 (22.3%) | loss 0.0563 (gt 0.0985, kd 0.0140) | 6.5 it/s | elapsed 2.6 min | epoch ETA 8.9 min
  epoch 017 | batch 1,500/4,475 (33.5%) | loss 0.0562 (gt 0.0984, kd 0.0140) | 6.5 it/s | elapsed 3.8 min | epoch ETA 7.6 min
  epoch 017 | batch 2,000/4,475 (44.7%) | loss 0.0562 (gt 0.0984, kd 0.0140) | 6.5 it/s | elapsed 5.1 min | epoch ETA 6.3 min
  epoch 017 | batch 2,500/4,475 (55.9%) | loss 0.0561 (gt 0.0983, kd 0.0140) | 6.5 it/s | elapsed 6.4 min | epoch ETA 5.0 min
  epoch 017 | batch 3,000/4,475 (67.0%) | loss 0.0561 (gt 0.0983, kd 0.0140) | 6.5 it/s | elapsed 7.7 min | epoch ETA 3.8 min
  epoch 017 | batch 3,500/4,475 (78.2%) | loss 0.0561 (gt 0.0983, kd 0.0139) | 6.5 it/s | elapsed 8.9 min | epoch ETA 2.5 min
  epoch 017 | batch 4,000/4,475 (89.4%) | loss 0.0561 (gt 0.0983, kd 0.0139) | 6.5 it/s | elapsed 10.2 min | epoch ETA 1.2 min
Epoch 017 | train 0.056117 (gt 0.098311, kd 0.013922) | val 0.050011 (gt 0.089661, kd 0.010362) | KL end 1.1116 path 1.6031 | rough FDE 1066.6m
  epoch 018 | batch 500/4,475 (11.2%) | loss 0.0560 (gt 0.0983, kd 0.0137) | 6.5 it/s | elapsed 1.3 min | epoch ETA 10.2 min
  epoch 018 | batch 1,000/4,475 (22.3%) | loss 0.0558 (gt 0.0980, kd 0.0136) | 6.5 it/s | elapsed 2.6 min | epoch ETA 8.9 min
  epoch 018 | batch 1,500/4,475 (33.5%) | loss 0.0558 (gt 0.0981, kd 0.0136) | 6.5 it/s | elapsed 3.8 min | epoch ETA 7.6 min
  epoch 018 | batch 2,000/4,475 (44.7%) | loss 0.0558 (gt 0.0980, kd 0.0136) | 6.5 it/s | elapsed 5.1 min | epoch ETA 6.3 min
  epoch 018 | batch 2,500/4,475 (55.9%) | loss 0.0557 (gt 0.0980, kd 0.0135) | 6.5 it/s | elapsed 6.4 min | epoch ETA 5.0 min
  epoch 018 | batch 3,000/4,475 (67.0%) | loss 0.0557 (gt 0.0979, kd 0.0135) | 6.5 it/s | elapsed 7.7 min | epoch ETA 3.8 min
  epoch 018 | batch 3,500/4,475 (78.2%) | loss 0.0557 (gt 0.0979, kd 0.0135) | 6.5 it/s | elapsed 8.9 min | epoch ETA 2.5 min
  epoch 018 | batch 4,000/4,475 (89.4%) | loss 0.0557 (gt 0.0979, kd 0.0135) | 6.5 it/s | elapsed 10.2 min | epoch ETA 1.2 min
Epoch 018 | train 0.055655 (gt 0.097848, kd 0.013462) | val 0.049492 (gt 0.089142, kd 0.009842) | KL end 1.0639 path 1.5288 | rough FDE 1059.4m
  epoch 019 | batch 500/4,475 (11.2%) | loss 0.0553 (gt 0.0975, kd 0.0131) | 6.5 it/s | elapsed 1.3 min | epoch ETA 10.2 min
  epoch 019 | batch 1,000/4,475 (22.3%) | loss 0.0554 (gt 0.0976, kd 0.0132) | 6.5 it/s | elapsed 2.6 min | epoch ETA 8.9 min
  epoch 019 | batch 1,500/4,475 (33.5%) | loss 0.0554 (gt 0.0977, kd 0.0132) | 6.5 it/s | elapsed 3.8 min | epoch ETA 7.6 min
  epoch 019 | batch 2,000/4,475 (44.7%) | loss 0.0554 (gt 0.0976, kd 0.0131) | 6.5 it/s | elapsed 5.1 min | epoch ETA 6.3 min
  epoch 019 | batch 2,500/4,475 (55.9%) | loss 0.0553 (gt 0.0975, kd 0.0131) | 6.5 it/s | elapsed 6.4 min | epoch ETA 5.0 min
  epoch 019 | batch 3,000/4,475 (67.0%) | loss 0.0553 (gt 0.0975, kd 0.0131) | 6.5 it/s | elapsed 7.6 min | epoch ETA 3.8 min
  epoch 019 | batch 3,500/4,475 (78.2%) | loss 0.0553 (gt 0.0975, kd 0.0131) | 6.5 it/s | elapsed 8.9 min | epoch ETA 2.5 min
  epoch 019 | batch 4,000/4,475 (89.4%) | loss 0.0552 (gt 0.0974, kd 0.0130) | 6.5 it/s | elapsed 10.2 min | epoch ETA 1.2 min
Epoch 019 | train 0.055179 (gt 0.097348, kd 0.013010) | val 0.049034 (gt 0.088700, kd 0.009367) | KL end 1.0202 path 1.4564 | rough FDE 1052.9m
  epoch 020 | batch 500/4,475 (11.2%) | loss 0.0550 (gt 0.0972, kd 0.0128) | 6.5 it/s | elapsed 1.3 min | epoch ETA 10.1 min
  epoch 020 | batch 1,000/4,475 (22.3%) | loss 0.0549 (gt 0.0970, kd 0.0127) | 6.5 it/s | elapsed 2.5 min | epoch ETA 8.9 min
  epoch 020 | batch 1,500/4,475 (33.5%) | loss 0.0548 (gt 0.0969, kd 0.0127) | 6.5 it/s | elapsed 3.8 min | epoch ETA 7.6 min
  epoch 020 | batch 2,000/4,475 (44.7%) | loss 0.0548 (gt 0.0968, kd 0.0127) | 6.5 it/s | elapsed 5.1 min | epoch ETA 6.3 min
  epoch 020 | batch 2,500/4,475 (55.9%) | loss 0.0547 (gt 0.0968, kd 0.0127) | 6.5 it/s | elapsed 6.4 min | epoch ETA 5.0 min
  epoch 020 | batch 3,000/4,475 (67.0%) | loss 0.0547 (gt 0.0968, kd 0.0127) | 6.5 it/s | elapsed 7.6 min | epoch ETA 3.8 min
  epoch 020 | batch 3,500/4,475 (78.2%) | loss 0.0547 (gt 0.0968, kd 0.0126) | 6.5 it/s | elapsed 8.9 min | epoch ETA 2.5 min
  epoch 020 | batch 4,000/4,475 (89.4%) | loss 0.0547 (gt 0.0968, kd 0.0126) | 6.5 it/s | elapsed 10.2 min | epoch ETA 1.2 min
Epoch 020 | train 0.054727 (gt 0.096835, kd 0.012619) | val 0.048616 (gt 0.088282, kd 0.008949) | KL end 0.9962 path 1.4048 | rough FDE 1045.2m | proper FDE 1062.7m (teacher 820.8m)  ✓ best
  epoch 021 | batch 500/4,475 (11.2%) | loss 0.0545 (gt 0.0966, kd 0.0124) | 6.5 it/s | elapsed 1.3 min | epoch ETA 10.2 min
  epoch 021 | batch 1,000/4,475 (22.3%) | loss 0.0545 (gt 0.0967, kd 0.0124) | 6.5 it/s | elapsed 2.6 min | epoch ETA 8.9 min
  epoch 021 | batch 1,500/4,475 (33.5%) | loss 0.0545 (gt 0.0966, kd 0.0123) | 6.5 it/s | elapsed 3.8 min | epoch ETA 7.6 min
  epoch 021 | batch 2,000/4,475 (44.7%) | loss 0.0545 (gt 0.0966, kd 0.0123) | 6.5 it/s | elapsed 5.1 min | epoch ETA 6.3 min
  epoch 021 | batch 2,500/4,475 (55.9%) | loss 0.0544 (gt 0.0966, kd 0.0123) | 6.5 it/s | elapsed 6.4 min | epoch ETA 5.0 min
  epoch 021 | batch 3,000/4,475 (67.0%) | loss 0.0544 (gt 0.0966, kd 0.0123) | 6.5 it/s | elapsed 7.7 min | epoch ETA 3.8 min
  epoch 021 | batch 3,500/4,475 (78.2%) | loss 0.0544 (gt 0.0965, kd 0.0123) | 6.5 it/s | elapsed 8.9 min | epoch ETA 2.5 min
  epoch 021 | batch 4,000/4,475 (89.4%) | loss 0.0544 (gt 0.0965, kd 0.0123) | 6.5 it/s | elapsed 10.2 min | epoch ETA 1.2 min
Epoch 021 | train 0.054387 (gt 0.096518, kd 0.012257) | val 0.048209 (gt 0.087855, kd 0.008564) | KL end 0.9757 path 1.3570 | rough FDE 1039.2m
  epoch 022 | batch 500/4,475 (11.2%) | loss 0.0541 (gt 0.0963, kd 0.0119) | 6.5 it/s | elapsed 1.3 min | epoch ETA 10.2 min
  epoch 022 | batch 1,000/4,475 (22.3%) | loss 0.0540 (gt 0.0962, kd 0.0119) | 6.5 it/s | elapsed 2.6 min | epoch ETA 8.9 min
  epoch 022 | batch 1,500/4,475 (33.5%) | loss 0.0541 (gt 0.0962, kd 0.0120) | 6.5 it/s | elapsed 3.8 min | epoch ETA 7.6 min
  epoch 022 | batch 2,000/4,475 (44.7%) | loss 0.0541 (gt 0.0963, kd 0.0120) | 6.5 it/s | elapsed 5.1 min | epoch ETA 6.3 min
  epoch 022 | batch 2,500/4,475 (55.9%) | loss 0.0541 (gt 0.0962, kd 0.0119) | 6.5 it/s | elapsed 6.4 min | epoch ETA 5.0 min
  epoch 022 | batch 3,000/4,475 (67.0%) | loss 0.0540 (gt 0.0962, kd 0.0119) | 6.5 it/s | elapsed 7.6 min | epoch ETA 3.8 min
  epoch 022 | batch 3,500/4,475 (78.2%) | loss 0.0540 (gt 0.0962, kd 0.0119) | 6.5 it/s | elapsed 8.9 min | epoch ETA 2.5 min
  epoch 022 | batch 4,000/4,475 (89.4%) | loss 0.0540 (gt 0.0962, kd 0.0119) | 6.5 it/s | elapsed 10.2 min | epoch ETA 1.2 min
Epoch 022 | train 0.054011 (gt 0.096147, kd 0.011875) | val 0.047893 (gt 0.087540, kd 0.008246) | KL end 0.9386 path 1.3075 | rough FDE 1031.4m
  epoch 023 | batch 500/4,475 (11.2%) | loss 0.0542 (gt 0.0965, kd 0.0119) | 6.5 it/s | elapsed 1.3 min | epoch ETA 10.2 min
  epoch 023 | batch 1,000/4,475 (22.3%) | loss 0.0541 (gt 0.0964, kd 0.0118) | 6.5 it/s | elapsed 2.5 min | epoch ETA 8.9 min
  epoch 023 | batch 1,500/4,475 (33.5%) | loss 0.0540 (gt 0.0963, kd 0.0117) | 6.5 it/s | elapsed 3.8 min | epoch ETA 7.6 min
  epoch 023 | batch 2,000/4,475 (44.7%) | loss 0.0540 (gt 0.0962, kd 0.0117) | 6.5 it/s | elapsed 5.1 min | epoch ETA 6.3 min
  epoch 023 | batch 2,500/4,475 (55.9%) | loss 0.0539 (gt 0.0961, kd 0.0117) | 6.5 it/s | elapsed 6.4 min | epoch ETA 5.0 min
  epoch 023 | batch 3,000/4,475 (67.0%) | loss 0.0539 (gt 0.0961, kd 0.0116) | 6.5 it/s | elapsed 7.6 min | epoch ETA 3.8 min
  epoch 023 | batch 3,500/4,475 (78.2%) | loss 0.0538 (gt 0.0960, kd 0.0116) | 6.5 it/s | elapsed 8.9 min | epoch ETA 2.5 min
  epoch 023 | batch 4,000/4,475 (89.4%) | loss 0.0538 (gt 0.0960, kd 0.0116) | 6.5 it/s | elapsed 10.2 min | epoch ETA 1.2 min
Epoch 023 | train 0.053745 (gt 0.095915, kd 0.011575) | val 0.047608 (gt 0.087260, kd 0.007956) | KL end 0.8977 path 1.2657 | rough FDE 1025.7m
  epoch 024 | batch 500/4,475 (11.2%) | loss 0.0536 (gt 0.0958, kd 0.0114) | 6.5 it/s | elapsed 1.3 min | epoch ETA 10.2 min
  epoch 024 | batch 1,000/4,475 (22.3%) | loss 0.0534 (gt 0.0956, kd 0.0113) | 6.5 it/s | elapsed 2.6 min | epoch ETA 8.9 min
  epoch 024 | batch 1,500/4,475 (33.5%) | loss 0.0535 (gt 0.0957, kd 0.0114) | 6.5 it/s | elapsed 3.8 min | epoch ETA 7.6 min
  epoch 024 | batch 2,000/4,475 (44.7%) | loss 0.0535 (gt 0.0957, kd 0.0113) | 6.5 it/s | elapsed 5.1 min | epoch ETA 6.3 min
  epoch 024 | batch 2,500/4,475 (55.9%) | loss 0.0535 (gt 0.0956, kd 0.0113) | 6.5 it/s | elapsed 6.4 min | epoch ETA 5.0 min
  epoch 024 | batch 3,000/4,475 (67.0%) | loss 0.0534 (gt 0.0955, kd 0.0113) | 6.5 it/s | elapsed 7.6 min | epoch ETA 3.8 min
  epoch 024 | batch 3,500/4,475 (78.2%) | loss 0.0534 (gt 0.0955, kd 0.0113) | 6.5 it/s | elapsed 8.9 min | epoch ETA 2.5 min
  epoch 024 | batch 4,000/4,475 (89.4%) | loss 0.0534 (gt 0.0955, kd 0.0113) | 6.5 it/s | elapsed 10.2 min | epoch ETA 1.2 min
Epoch 024 | train 0.053386 (gt 0.095523, kd 0.011248) | val 0.047335 (gt 0.086981, kd 0.007688) | KL end 0.8706 path 1.2440 | rough FDE 1018.4m
  epoch 025 | batch 500/4,475 (11.2%) | loss 0.0532 (gt 0.0953, kd 0.0110) | 6.5 it/s | elapsed 1.3 min | epoch ETA 10.2 min
  epoch 025 | batch 1,000/4,475 (22.3%) | loss 0.0532 (gt 0.0954, kd 0.0111) | 6.5 it/s | elapsed 2.5 min | epoch ETA 8.9 min
  epoch 025 | batch 1,500/4,475 (33.5%) | loss 0.0533 (gt 0.0955, kd 0.0111) | 6.5 it/s | elapsed 3.8 min | epoch ETA 7.6 min
  epoch 025 | batch 2,000/4,475 (44.7%) | loss 0.0533 (gt 0.0955, kd 0.0111) | 6.5 it/s | elapsed 5.1 min | epoch ETA 6.3 min
  epoch 025 | batch 2,500/4,475 (55.9%) | loss 0.0532 (gt 0.0954, kd 0.0110) | 6.5 it/s | elapsed 6.4 min | epoch ETA 5.0 min
  epoch 025 | batch 3,000/4,475 (67.0%) | loss 0.0532 (gt 0.0953, kd 0.0110) | 6.5 it/s | elapsed 7.6 min | epoch ETA 3.8 min
  epoch 025 | batch 3,500/4,475 (78.2%) | loss 0.0532 (gt 0.0953, kd 0.0110) | 6.5 it/s | elapsed 8.9 min | epoch ETA 2.5 min
  epoch 025 | batch 4,000/4,475 (89.4%) | loss 0.0531 (gt 0.0953, kd 0.0110) | 6.5 it/s | elapsed 10.2 min | epoch ETA 1.2 min
Epoch 025 | train 0.053103 (gt 0.095228, kd 0.010978) | val 0.047091 (gt 0.086752, kd 0.007429) | KL end 0.8507 path 1.2188 | rough FDE 1015.0m | proper FDE 1009.5m (teacher 820.8m)  ✓ best
  epoch 026 | batch 500/4,475 (11.2%) | loss 0.0531 (gt 0.0953, kd 0.0110) | 6.5 it/s | elapsed 1.3 min | epoch ETA 10.2 min
  epoch 026 | batch 1,000/4,475 (22.3%) | loss 0.0529 (gt 0.0950, kd 0.0108) | 6.5 it/s | elapsed 2.6 min | epoch ETA 8.9 min
  epoch 026 | batch 1,500/4,475 (33.5%) | loss 0.0529 (gt 0.0950, kd 0.0108) | 6.5 it/s | elapsed 3.8 min | epoch ETA 7.6 min
  epoch 026 | batch 2,000/4,475 (44.7%) | loss 0.0529 (gt 0.0950, kd 0.0108) | 6.5 it/s | elapsed 5.1 min | epoch ETA 6.3 min
  epoch 026 | batch 2,500/4,475 (55.9%) | loss 0.0529 (gt 0.0950, kd 0.0108) | 6.5 it/s | elapsed 6.4 min | epoch ETA 5.0 min
  epoch 026 | batch 3,000/4,475 (67.0%) | loss 0.0528 (gt 0.0949, kd 0.0107) | 6.5 it/s | elapsed 7.7 min | epoch ETA 3.8 min
  epoch 026 | batch 3,500/4,475 (78.2%) | loss 0.0528 (gt 0.0949, kd 0.0107) | 6.5 it/s | elapsed 8.9 min | epoch ETA 2.5 min
  epoch 026 | batch 4,000/4,475 (89.4%) | loss 0.0528 (gt 0.0949, kd 0.0107) | 6.5 it/s | elapsed 10.2 min | epoch ETA 1.2 min
Epoch 026 | train 0.052817 (gt 0.094916, kd 0.010719) | val 0.046858 (gt 0.086513, kd 0.007203) | KL end 0.8360 path 1.1880 | rough FDE 1013.9m
  epoch 027 | batch 500/4,475 (11.2%) | loss 0.0526 (gt 0.0947, kd 0.0105) | 6.5 it/s | elapsed 1.3 min | epoch ETA 10.2 min
  epoch 027 | batch 1,000/4,475 (22.3%) | loss 0.0527 (gt 0.0948, kd 0.0105) | 6.5 it/s | elapsed 2.6 min | epoch ETA 8.9 min
  epoch 027 | batch 1,500/4,475 (33.5%) | loss 0.0526 (gt 0.0948, kd 0.0105) | 6.5 it/s | elapsed 3.8 min | epoch ETA 7.6 min
  epoch 027 | batch 2,000/4,475 (44.7%) | loss 0.0526 (gt 0.0948, kd 0.0105) | 6.5 it/s | elapsed 5.1 min | epoch ETA 6.3 min
  epoch 027 | batch 2,500/4,475 (55.9%) | loss 0.0526 (gt 0.0948, kd 0.0105) | 6.5 it/s | elapsed 6.4 min | epoch ETA 5.0 min
  epoch 027 | batch 3,000/4,475 (67.0%) | loss 0.0526 (gt 0.0948, kd 0.0105) | 6.5 it/s | elapsed 7.7 min | epoch ETA 3.8 min
  epoch 027 | batch 3,500/4,475 (78.2%) | loss 0.0526 (gt 0.0947, kd 0.0105) | 6.5 it/s | elapsed 8.9 min | epoch ETA 2.5 min
  epoch 027 | batch 4,000/4,475 (89.4%) | loss 0.0526 (gt 0.0947, kd 0.0104) | 6.5 it/s | elapsed 10.2 min | epoch ETA 1.2 min
Epoch 027 | train 0.052570 (gt 0.094701, kd 0.010438) | val 0.046661 (gt 0.086323, kd 0.006998) | KL end 0.8141 path 1.1323 | rough FDE 1006.9m
  epoch 028 | batch 500/4,475 (11.2%) | loss 0.0524 (gt 0.0946, kd 0.0103) | 6.5 it/s | elapsed 1.3 min | epoch ETA 10.2 min
  epoch 028 | batch 1,000/4,475 (22.3%) | loss 0.0524 (gt 0.0946, kd 0.0102) | 6.5 it/s | elapsed 2.6 min | epoch ETA 8.9 min
  epoch 028 | batch 1,500/4,475 (33.5%) | loss 0.0524 (gt 0.0945, kd 0.0102) | 6.5 it/s | elapsed 3.8 min | epoch ETA 7.6 min
  epoch 028 | batch 2,000/4,475 (44.7%) | loss 0.0524 (gt 0.0945, kd 0.0102) | 6.5 it/s | elapsed 5.1 min | epoch ETA 6.3 min
  epoch 028 | batch 2,500/4,475 (55.9%) | loss 0.0524 (gt 0.0946, kd 0.0102) | 6.5 it/s | elapsed 6.4 min | epoch ETA 5.0 min
  epoch 028 | batch 3,000/4,475 (67.0%) | loss 0.0524 (gt 0.0945, kd 0.0102) | 6.5 it/s | elapsed 7.7 min | epoch ETA 3.8 min
  epoch 028 | batch 3,500/4,475 (78.2%) | loss 0.0524 (gt 0.0945, kd 0.0102) | 6.5 it/s | elapsed 8.9 min | epoch ETA 2.5 min
  epoch 028 | batch 4,000/4,475 (89.4%) | loss 0.0524 (gt 0.0946, kd 0.0102) | 6.5 it/s | elapsed 10.2 min | epoch ETA 1.2 min
Epoch 028 | train 0.052359 (gt 0.094522, kd 0.010195) | val 0.046455 (gt 0.086116, kd 0.006794) | KL end 0.7938 path 1.1055 | rough FDE 1003.4m
  epoch 029 | batch 500/4,475 (11.2%) | loss 0.0522 (gt 0.0944, kd 0.0100) | 6.5 it/s | elapsed 1.3 min | epoch ETA 10.2 min
  epoch 029 | batch 1,000/4,475 (22.3%) | loss 0.0521 (gt 0.0942, kd 0.0100) | 6.5 it/s | elapsed 2.6 min | epoch ETA 8.9 min
  epoch 029 | batch 1,500/4,475 (33.5%) | loss 0.0521 (gt 0.0943, kd 0.0100) | 6.5 it/s | elapsed 3.8 min | epoch ETA 7.6 min
  epoch 029 | batch 2,000/4,475 (44.7%) | loss 0.0521 (gt 0.0942, kd 0.0100) | 6.5 it/s | elapsed 5.1 min | epoch ETA 6.3 min
  epoch 029 | batch 2,500/4,475 (55.9%) | loss 0.0520 (gt 0.0941, kd 0.0100) | 6.5 it/s | elapsed 6.4 min | epoch ETA 5.0 min
  epoch 029 | batch 3,000/4,475 (67.0%) | loss 0.0520 (gt 0.0941, kd 0.0099) | 6.5 it/s | elapsed 7.7 min | epoch ETA 3.8 min
  epoch 029 | batch 3,500/4,475 (78.2%) | loss 0.0520 (gt 0.0941, kd 0.0099) | 6.5 it/s | elapsed 8.9 min | epoch ETA 2.5 min
  epoch 029 | batch 4,000/4,475 (89.4%) | loss 0.0520 (gt 0.0941, kd 0.0099) | 6.5 it/s | elapsed 10.2 min | epoch ETA 1.2 min
Epoch 029 | train 0.052029 (gt 0.094122, kd 0.009935) | val 0.046267 (gt 0.085921, kd 0.006612) | KL end 0.7683 path 1.0770 | rough FDE 1001.3m
  epoch 030 | batch 500/4,475 (11.2%) | loss 0.0520 (gt 0.0943, kd 0.0098) | 6.5 it/s | elapsed 1.3 min | epoch ETA 10.2 min
  epoch 030 | batch 1,000/4,475 (22.3%) | loss 0.0519 (gt 0.0939, kd 0.0098) | 6.5 it/s | elapsed 2.6 min | epoch ETA 8.9 min
  epoch 030 | batch 1,500/4,475 (33.5%) | loss 0.0519 (gt 0.0939, kd 0.0098) | 6.5 it/s | elapsed 3.8 min | epoch ETA 7.6 min
  epoch 030 | batch 2,000/4,475 (44.7%) | loss 0.0519 (gt 0.0940, kd 0.0098) | 6.5 it/s | elapsed 5.1 min | epoch ETA 6.3 min
  epoch 030 | batch 2,500/4,475 (55.9%) | loss 0.0519 (gt 0.0940, kd 0.0098) | 6.5 it/s | elapsed 6.4 min | epoch ETA 5.0 min
  epoch 030 | batch 3,000/4,475 (67.0%) | loss 0.0519 (gt 0.0940, kd 0.0098) | 6.5 it/s | elapsed 7.6 min | epoch ETA 3.8 min
