Python: /global/home/users/kevingeng/.conda/envs/adsb/bin/python
torch 2.14.1+cu130 | netCDF4 1.7.4
CUDA available: True
Device: NVIDIA GeForce RTX 2080 Ti
Run: distill_4L_384_a07 | student: /global/scratch/users/kevingeng/aviation-bayen/AviationDiffusionModelsKishore/configs/students/swi_dit_4L_384.json | alpha=0.7 | epochs=100 | batch=256 | seed=42
Output: /global/scratch/users/kevingeng/aviation-bayen/AviationDiffusionModelsKishore/training/checkpoints/distill_4L_384_a07
Training on cuda — CFM + SWI_DiT distillation (swi_dit_6L_teacher → swi_dit_4L_384_student, alpha=0.7, seed=42)
Batches per epoch: 4,475 train, 499 val (batch_size=256, num_workers=2)
Teacher: /global/scratch/users/kevingeng/aviation-bayen/AviationDiffusionModelsKishore/training/checkpoints/swi_dit/best_swi_dit.pt (epoch=84, ckpt val_fde=824.5062353116024) | {'obs_len': 43, 'fut_len': 43, 'in_dim': 6, 'd_model': 256, 'n_heads': 8, 'n_layers': 6, 'dropout': 0.1, 'ff_expansion': 3} | 7,249,158 params
Student: {'obs_len': 43, 'fut_len': 43, 'in_dim': 6, 'd_model': 384, 'n_heads': 8, 'n_layers': 4, 'dropout': 0.1, 'ff_expansion': 2} | 9,491,334 params
Teacher val minFDE (this split): 820.8m
  epoch 001 | batch 500/4,475 (11.2%) | loss 0.6007 (gt 0.9859, kd 0.9002) | 5.8 it/s | elapsed 1.4 min | epoch ETA 11.4 min
  epoch 001 | batch 1,000/4,475 (22.3%) | loss 0.7366 (gt 0.6227, kd 0.5374) | 5.8 it/s | elapsed 2.9 min | epoch ETA 9.9 min
  epoch 001 | batch 1,500/4,475 (33.5%) | loss 0.8091 (gt 0.4853, kd 0.4001) | 5.8 it/s | elapsed 4.3 min | epoch ETA 8.5 min
  epoch 001 | batch 2,000/4,475 (44.7%) | loss 0.8501 (gt 0.4096, kd 0.3246) | 5.8 it/s | elapsed 5.7 min | epoch ETA 7.1 min
  epoch 001 | batch 2,500/4,475 (55.9%) | loss 0.8758 (gt 0.3613, kd 0.2764) | 5.8 it/s | elapsed 7.2 min | epoch ETA 5.7 min
  epoch 001 | batch 3,000/4,475 (67.0%) | loss 0.8937 (gt 0.3272, kd 0.2424) | 5.8 it/s | elapsed 8.6 min | epoch ETA 4.2 min
  epoch 001 | batch 3,500/4,475 (78.2%) | loss 0.9070 (gt 0.3017, kd 0.2169) | 5.8 it/s | elapsed 10.0 min | epoch ETA 2.8 min
  epoch 001 | batch 4,000/4,475 (89.4%) | loss 0.9172 (gt 0.2818, kd 0.1971) | 5.8 it/s | elapsed 11.4 min | epoch ETA 1.4 min
Job finished at Fri Oct  9 19:34:20 PDT 2026 with exit code 1
